// Jest Snapshot v1, https://goo.gl/fbAQLP

exports[`CharactersLeftDisplay characters remaining string renders 1`] = `
<p>
  There are 
  236
   characters remaining
</p>
`;

exports[`CharactersLeftDisplay characters remaining string renders 2`] = `
<p>
  There are 
  280
   characters remaining
</p>
`;
